{
  "version": "1.5.0",
  "plugins_used": [
    {
      "name": "ArtifactoryDetector"
    },
    {
      "name": "AWSKeyDetector"
    },
    {
      "name": "AzureStorageKeyDetector"
    },
    {
      "name": "Base64HighEntropyString",
      "limit": 4.5
    },
    {
      "name": "BasicAuthDetector"
    },
    {
      "name": "CloudantDetector"
    },
    {
      "name": "DiscordBotTokenDetector"
    },
    {
      "name": "GitHubTokenDetector"
    },
    {
      "name": "GitLabTokenDetector"
    },
    {
      "name": "HexHighEntropyString",
      "limit": 3.0
    },
    {
      "name": "IbmCloudIamDetector"
    },
    {
      "name": "IbmCosHmacDetector"
    },
    {
      "name": "IPPublicDetector"
    },
    {
      "name": "JwtTokenDetector"
    },
    {
      "name": "KeywordDetector",
      "keyword_exclude": ""
    },
    {
      "name": "MailchimpDetector"
    },
    {
      "name": "NpmDetector"
    },
    {
      "name": "OpenAIDetector"
    },
    {
      "name": "PrivateKeyDetector"
    },
    {
      "name": "PypiTokenDetector"
    },
    {
      "name": "SendGridDetector"
    },
    {
      "name": "SlackDetector"
    },
    {
      "name": "SoftlayerDetector"
    },
    {
      "name": "SquareOAuthDetector"
    },
    {
      "name": "StripeDetector"
    },
    {
      "name": "TelegramBotTokenDetector"
    },
    {
      "name": "TwilioKeyDetector"
    }
  ],
  "filters_used": [
    {
      "path": "detect_secrets.filters.allowlist.is_line_allowlisted"
    },
    {
      "path": "detect_secrets.filters.common.is_ignored_due_to_verification_policies",
      "min_level": 2
    },
    {
      "path": "detect_secrets.filters.heuristic.is_indirect_reference"
    },
    {
      "path": "detect_secrets.filters.heuristic.is_likely_id_string"
    },
    {
      "path": "detect_secrets.filters.heuristic.is_lock_file"
    },
    {
      "path": "detect_secrets.filters.heuristic.is_not_alphanumeric_string"
    },
    {
      "path": "detect_secrets.filters.heuristic.is_potential_uuid"
    },
    {
      "path": "detect_secrets.filters.heuristic.is_prefixed_with_dollar_sign"
    },
    {
      "path": "detect_secrets.filters.heuristic.is_sequential_string"
    },
    {
      "path": "detect_secrets.filters.heuristic.is_swagger_file"
    },
    {
      "path": "detect_secrets.filters.heuristic.is_templated_secret"
    },
    {
      "path": "detect_secrets.filters.regex.should_exclude_file",
      "pattern": [
        "(^|[\\/])\\.env$",
        "(^|[\\/])\\.git[\\/]",
        "node_modules[\\/]",
        "data_new[\\/]",
        "^data[\\/]",
        "landing-page[\\/]dist[\\/]",
        "^android[\\/]",
        "^\\.agents[\\/]",
        "\\.(joblib|zip|db|h5|npy)$",
        "package-lock\\.json$",
        "skills-lock\\.json$"
      ]
    }
  ],
  "results": {
    ".agents\\skills\\supabase-postgres-best-practices\\references\\security-privileges.md": [
      {
        "type": "Secret Keyword",
        "filename": ".agents\\skills\\supabase-postgres-best-practices\\references\\security-privileges.md",
        "hashed_secret": "b60d121b438a380c343d5ec3c2037564b82ffef3",
        "is_verified": false,
        "line_number": 42
      }
    ],
    ".env.example": [
      {
        "type": "Basic Auth Credentials",
        "filename": ".env.example",
        "hashed_secret": "9d4e1e23bd5b727046a9e3b4b7db57bd8d6ee684",
        "is_verified": false,
        "line_number": 38
      }
    ],
    "landing-page\\dist\\assets\\physics-BWWHsEaM.js": [
      {
        "type": "AWS Access Key",
        "filename": "landing-page\\dist\\assets\\physics-BWWHsEaM.js",
        "hashed_secret": "0d799189afda205bc9b5cc9065710fe5af505110",
        "is_verified": false,
        "line_number": 1
      },
      {
        "type": "AWS Access Key",
        "filename": "landing-page\\dist\\assets\\physics-BWWHsEaM.js",
        "hashed_secret": "16a6d98549066cd12478aa87855f07bf7fb61acb",
        "is_verified": false,
        "line_number": 1
      },
      {
        "type": "AWS Access Key",
        "filename": "landing-page\\dist\\assets\\physics-BWWHsEaM.js",
        "hashed_secret": "1b0357f4b5b0e2ddd5d6d090e852ad9be549a286",
        "is_verified": false,
        "line_number": 1
      },
      {
        "type": "AWS Access Key",
        "filename": "landing-page\\dist\\assets\\physics-BWWHsEaM.js",
        "hashed_secret": "21dc46a80f9d5966e9c23c81d3aef1c0a08bc1b7",
        "is_verified": false,
        "line_number": 1
      },
      {
        "type": "AWS Access Key",
        "filename": "landing-page\\dist\\assets\\physics-BWWHsEaM.js",
        "hashed_secret": "3b5f4e478982975dbd91c8d017f68ebca67223d5",
        "is_verified": false,
        "line_number": 1
      },
      {
        "type": "AWS Access Key",
        "filename": "landing-page\\dist\\assets\\physics-BWWHsEaM.js",
        "hashed_secret": "5ed96c167b7f6d45727e8c27e1454fac7e9be20b",
        "is_verified": false,
        "line_number": 1
      },
      {
        "type": "AWS Access Key",
        "filename": "landing-page\\dist\\assets\\physics-BWWHsEaM.js",
        "hashed_secret": "6e5b92774ba94d1162fd146b4cfb933460a0dcea",
        "is_verified": false,
        "line_number": 1
      },
      {
        "type": "AWS Access Key",
        "filename": "landing-page\\dist\\assets\\physics-BWWHsEaM.js",
        "hashed_secret": "82dbf8a9c9425d6b2dd1251a8ead3e2a60f718cb",
        "is_verified": false,
        "line_number": 1
      },
      {
        "type": "AWS Access Key",
        "filename": "landing-page\\dist\\assets\\physics-BWWHsEaM.js",
        "hashed_secret": "8fc9cfb1bb48a9241696697bd3a68c30048254bd",
        "is_verified": false,
        "line_number": 1
      },
      {
        "type": "AWS Access Key",
        "filename": "landing-page\\dist\\assets\\physics-BWWHsEaM.js",
        "hashed_secret": "9c11f2c4ab08b141840caa07f668ca54dd1091cc",
        "is_verified": false,
        "line_number": 1
      },
      {
        "type": "AWS Access Key",
        "filename": "landing-page\\dist\\assets\\physics-BWWHsEaM.js",
        "hashed_secret": "ade4b956447d54032acc56cb8a831242fc5f99fb",
        "is_verified": false,
        "line_number": 1
      },
      {
        "type": "AWS Access Key",
        "filename": "landing-page\\dist\\assets\\physics-BWWHsEaM.js",
        "hashed_secret": "b38c9bfe9e72f0bae588802bcd604ee23d89bc5f",
        "is_verified": false,
        "line_number": 1
      },
      {
        "type": "AWS Access Key",
        "filename": "landing-page\\dist\\assets\\physics-BWWHsEaM.js",
        "hashed_secret": "d97a3199594dbbd323961c44b7725df5a3b6d2a5",
        "is_verified": false,
        "line_number": 1
      },
      {
        "type": "AWS Access Key",
        "filename": "landing-page\\dist\\assets\\physics-BWWHsEaM.js",
        "hashed_secret": "ddc19da33aec3411ff297ac0522586200aaf1e68",
        "is_verified": false,
        "line_number": 1
      },
      {
        "type": "AWS Access Key",
        "filename": "landing-page\\dist\\assets\\physics-BWWHsEaM.js",
        "hashed_secret": "f1ea054c5f35caf562586d6526b4ca8fbbe01918",
        "is_verified": false,
        "line_number": 1
      }
    ],
    "tests\\test_api_endpoints.py": [
      {
        "type": "Secret Keyword",
        "filename": "tests\\test_api_endpoints.py",
        "hashed_secret": "72559b51f94a7a3ad058c5740cbe2f7cb0d4080b",
        "is_verified": false,
        "line_number": 222
      },
      {
        "type": "Secret Keyword",
        "filename": "tests\\test_api_endpoints.py",
        "hashed_secret": "a4b48a81cdab1e1a5dd37907d6c85ca1c61ddc7c",
        "is_verified": false,
        "line_number": 234
      }
    ],
    "tests\\test_backend.py": [
      {
        "type": "Secret Keyword",
        "filename": "tests\\test_backend.py",
        "hashed_secret": "e9e4a6d29515c8e53e4df7bc6646a23237b8f862",
        "is_verified": false,
        "line_number": 167
      }
    ],
    "tests\\test_telegram.py": [
      {
        "type": "Secret Keyword",
        "filename": "tests\\test_telegram.py",
        "hashed_secret": "b2b16d1e009a732029babed97f420237cedd72e2",
        "is_verified": false,
        "line_number": 24
      }
    ]
  },
  "generated_at": "2026-08-06T12:39:47Z"
}
